Loaded capacity (kWp) for 30756 sites
Loading 11 files from ./processed/test ...
  loaded 10/11 files
  loaded 11/11 files
Loaded 279 sites, 23,947,135 total rows
Built 3,975 windows from 1/1 sites (context=36, forecast=18, stride=24, channels=5)
Built 3,984 windows from 1/1 sites (context=36, forecast=18, stride=24, channels=5)
Built 3,935 windows from 1/1 sites (context=36, forecast=18, stride=24, channels=5)
Built 3,184 windows from 1/1 sites (context=36, forecast=18, stride=24, channels=5)
Built 2,484 windows from 1/1 sites (context=36, forecast=18, stride=24, channels=5)
Built 3,940 windows from 1/1 sites (context=36, forecast=18, stride=24, channels=5)
Built 3,887 windows from 1/1 sites (context=36, forecast=18, stride=24, channels=5)
Built 3,892 windows from 1/1 sites (context=36, forecast=18, stride=24, channels=5)
Built 3,599 windows from 1/1 sites (context=36, forecast=18, stride=24, channels=5)
Built 3,970 windows from 1/1 sites (context=36, forecast=18, stride=24, channels=5)
Built 3,956 windows from 1/1 sites (context=36, forecast=18, stride=24, channels=5)
Built 3,896 windows from 1/1 sites (context=36, forecast=18, stride=24, channels=5)
Built 3,640 windows from 1/1 sites (context=36, forecast=18, stride=24, channels=5)
Built 3,718 windows from 1/1 sites (context=36, forecast=18, stride=24, channels=5)
Built 3,987 windows from 1/1 sites (context=36, forecast=18, stride=24, channels=5)
Built 2,548 windows from 1/1 sites (context=36, forecast=18, stride=24, channels=5)
Built 3,545 windows from 1/1 sites (context=36, forecast=18, stride=24, channels=5)
Built 3,973 windows from 1/1 sites (context=36, forecast=18, stride=24, channels=5)
Built 3,038 windows from 1/1 sites (context=36, forecast=18, stride=24, channels=5)
Built 3,950 windows from 1/1 sites (context=36, forecast=18, stride=24, channels=5)
Built 3,854 windows from 1/1 sites (context=36, forecast=18, stride=24, channels=5)
Built 3,968 windows from 1/1 sites (context=36, forecast=18, stride=24, channels=5)
Built 3,882 windows from 1/1 sites (context=36, forecast=18, stride=24, channels=5)
Built 3,969 windows from 1/1 sites (context=36, forecast=18, stride=24, channels=5)
Built 3,955 windows from 1/1 sites (context=36, forecast=18, stride=24, channels=5)
  processed 25/279 sites
Built 3,860 windows from 1/1 sites (context=36, forecast=18, stride=24, channels=5)
Built 3,737 windows from 1/1 sites (context=36, forecast=18, stride=24, channels=5)
Built 3,888 windows from 1/1 sites (context=36, forecast=18, stride=24, channels=5)
Built 3,999 windows from 1/1 sites (context=36, forecast=18, stride=24, channels=5)
Built 3,899 windows from 1/1 sites (context=36, forecast=18, stride=24, channels=5)
Built 3,554 windows from 1/1 sites (context=36, forecast=18, stride=24, channels=5)
Built 3,945 windows from 1/1 sites (context=36, forecast=18, stride=24, channels=5)
Built 3,993 windows from 1/1 sites (context=36, forecast=18, stride=24, channels=5)
Built 3,982 windows from 1/1 sites (context=36, forecast=18, stride=24, channels=5)
Built 2,083 windows from 1/1 sites (context=36, forecast=18, stride=24, channels=5)
Built 3,956 windows from 1/1 sites (context=36, forecast=18, stride=24, channels=5)
Built 3,991 windows from 1/1 sites (context=36, forecast=18, stride=24, channels=5)
Built 3,863 windows from 1/1 sites (context=36, forecast=18, stride=24, channels=5)
Built 3,817 windows from 1/1 sites (context=36, forecast=18, stride=24, channels=5)
Built 2,628 windows from 1/1 sites (context=36, forecast=18, stride=24, channels=5)
Built 3,096 windows from 1/1 sites (context=36, forecast=18, stride=24, channels=5)
Built 3,982 windows from 1/1 sites (context=36, forecast=18, stride=24, channels=5)
Built 3,862 windows from 1/1 sites (context=36, forecast=18, stride=24, channels=5)
Built 3,926 windows from 1/1 sites (context=36, forecast=18, stride=24, channels=5)
Built 3,843 windows from 1/1 sites (context=36, forecast=18, stride=24, channels=5)
Built 3,912 windows from 1/1 sites (context=36, forecast=18, stride=24, channels=5)
Built 3,536 windows from 1/1 sites (context=36, forecast=18, stride=24, channels=5)
Built 3,912 windows from 1/1 sites (context=36, forecast=18, stride=24, channels=5)
Built 3,523 windows from 1/1 sites (context=36, forecast=18, stride=24, channels=5)
Built 3,941 windows from 1/1 sites (context=36, forecast=18, stride=24, channels=5)
  processed 50/279 sites
Built 3,976 windows from 1/1 sites (context=36, forecast=18, stride=24, channels=5)
Built 3,978 windows from 1/1 sites (context=36, forecast=18, stride=24, channels=5)
Built 3,089 windows from 1/1 sites (context=36, forecast=18, stride=24, channels=5)
Built 3,844 windows from 1/1 sites (context=36, forecast=18, stride=24, channels=5)
Built 3,971 windows from 1/1 sites (context=36, forecast=18, stride=24, channels=5)
Built 3,811 windows from 1/1 sites (context=36, forecast=18, stride=24, channels=5)
Built 788 windows from 1/1 sites (context=36, forecast=18, stride=24, channels=5)
Built 3,596 windows from 1/1 sites (context=36, forecast=18, stride=24, channels=5)
Built 3,883 windows from 1/1 sites (context=36, forecast=18, stride=24, channels=5)
Built 2,457 windows from 1/1 sites (context=36, forecast=18, stride=24, channels=5)
Built 3,478 windows from 1/1 sites (context=36, forecast=18, stride=24, channels=5)
Built 3,985 windows from 1/1 sites (context=36, forecast=18, stride=24, channels=5)
Built 3,193 windows from 1/1 sites (context=36, forecast=18, stride=24, channels=5)
Built 3,720 windows from 1/1 sites (context=36, forecast=18, stride=24, channels=5)
Built 3,947 windows from 1/1 sites (context=36, forecast=18, stride=24, channels=5)
Built 3,895 windows from 1/1 sites (context=36, forecast=18, stride=24, channels=5)
Built 415 windows from 1/1 sites (context=36, forecast=18, stride=24, channels=5)
Built 3,195 windows from 1/1 sites (context=36, forecast=18, stride=24, channels=5)
Built 3,822 windows from 1/1 sites (context=36, forecast=18, stride=24, channels=5)
Built 2,277 windows from 1/1 sites (context=36, forecast=18, stride=24, channels=5)
Built 3,916 windows from 1/1 sites (context=36, forecast=18, stride=24, channels=5)
Built 3,958 windows from 1/1 sites (context=36, forecast=18, stride=24, channels=5)
Built 3,938 windows from 1/1 sites (context=36, forecast=18, stride=24, channels=5)
Built 3,967 windows from 1/1 sites (context=36, forecast=18, stride=24, channels=5)
Built 4,000 windows from 1/1 sites (context=36, forecast=18, stride=24, channels=5)
  processed 75/279 sites
Built 3,744 windows from 1/1 sites (context=36, forecast=18, stride=24, channels=5)
Built 3,882 windows from 1/1 sites (context=36, forecast=18, stride=24, channels=5)
Built 3,806 windows from 1/1 sites (context=36, forecast=18, stride=24, channels=5)
Built 3,989 windows from 1/1 sites (context=36, forecast=18, stride=24, channels=5)
Built 3,886 windows from 1/1 sites (context=36, forecast=18, stride=24, channels=5)
Built 3,908 windows from 1/1 sites (context=36, forecast=18, stride=24, channels=5)
Built 3,974 windows from 1/1 sites (context=36, forecast=18, stride=24, channels=5)
Built 3,820 windows from 1/1 sites (context=36, forecast=18, stride=24, channels=5)
Built 3,926 windows from 1/1 sites (context=36, forecast=18, stride=24, channels=5)
Built 3,948 windows from 1/1 sites (context=36, forecast=18, stride=24, channels=5)
Built 1,526 windows from 1/1 sites (context=36, forecast=18, stride=24, channels=5)
Built 3,964 windows from 1/1 sites (context=36, forecast=18, stride=24, channels=5)
Built 3,916 windows from 1/1 sites (context=36, forecast=18, stride=24, channels=5)
Built 3,953 windows from 1/1 sites (context=36, forecast=18, stride=24, channels=5)
Built 1,773 windows from 1/1 sites (context=36, forecast=18, stride=24, channels=5)
Built 3,924 windows from 1/1 sites (context=36, forecast=18, stride=24, channels=5)
Built 3,953 windows from 1/1 sites (context=36, forecast=18, stride=24, channels=5)
Built 3,717 windows from 1/1 sites (context=36, forecast=18, stride=24, channels=5)
Built 2,706 windows from 1/1 sites (context=36, forecast=18, stride=24, channels=5)
Built 3,275 windows from 1/1 sites (context=36, forecast=18, stride=24, channels=5)
Built 3,972 windows from 1/1 sites (context=36, forecast=18, stride=24, channels=5)
Built 3,970 windows from 1/1 sites (context=36, forecast=18, stride=24, channels=5)
Built 3,231 windows from 1/1 sites (context=36, forecast=18, stride=24, channels=5)
Built 3,893 windows from 1/1 sites (context=36, forecast=18, stride=24, channels=5)
Built 1,658 windows from 1/1 sites (context=36, forecast=18, stride=24, channels=5)
  processed 100/279 sites
Built 2,341 windows from 1/1 sites (context=36, forecast=18, stride=24, channels=5)
Built 3,843 windows from 1/1 sites (context=36, forecast=18, stride=24, channels=5)
Built 3,750 windows from 1/1 sites (context=36, forecast=18, stride=24, channels=5)
Built 3,825 windows from 1/1 sites (context=36, forecast=18, stride=24, channels=5)
Built 3,968 windows from 1/1 sites (context=36, forecast=18, stride=24, channels=5)
Built 3,988 windows from 1/1 sites (context=36, forecast=18, stride=24, channels=5)
Built 3,974 windows from 1/1 sites (context=36, forecast=18, stride=24, channels=5)
Built 3,968 windows from 1/1 sites (context=36, forecast=18, stride=24, channels=5)
Built 3,487 windows from 1/1 sites (context=36, forecast=18, stride=24, channels=5)
Built 3,840 windows from 1/1 sites (context=36, forecast=18, stride=24, channels=5)
Built 3,414 windows from 1/1 sites (context=36, forecast=18, stride=24, channels=5)
Built 499 windows from 1/1 sites (context=36, forecast=18, stride=24, channels=5)
Built 3,724 windows from 1/1 sites (context=36, forecast=18, stride=24, channels=5)
Built 3,911 windows from 1/1 sites (context=36, forecast=18, stride=24, channels=5)
Built 3,989 windows from 1/1 sites (context=36, forecast=18, stride=24, channels=5)
Built 2,482 windows from 1/1 sites (context=36, forecast=18, stride=24, channels=5)
Built 3,978 windows from 1/1 sites (context=36, forecast=18, stride=24, channels=5)
Built 3,961 windows from 1/1 sites (context=36, forecast=18, stride=24, channels=5)
Built 3,969 windows from 1/1 sites (context=36, forecast=18, stride=24, channels=5)
Built 3,992 windows from 1/1 sites (context=36, forecast=18, stride=24, channels=5)
Built 2,632 windows from 1/1 sites (context=36, forecast=18, stride=24, channels=5)
Built 3,967 windows from 1/1 sites (context=36, forecast=18, stride=24, channels=5)
Built 1,303 windows from 1/1 sites (context=36, forecast=18, stride=24, channels=5)
Built 3,904 windows from 1/1 sites (context=36, forecast=18, stride=24, channels=5)
Built 3,954 windows from 1/1 sites (context=36, forecast=18, stride=24, channels=5)
  processed 125/279 sites
Built 168 windows from 1/1 sites (context=36, forecast=18, stride=24, channels=5)
Built 2,147 windows from 1/1 sites (context=36, forecast=18, stride=24, channels=5)
Built 3,986 windows from 1/1 sites (context=36, forecast=18, stride=24, channels=5)
Built 3,980 windows from 1/1 sites (context=36, forecast=18, stride=24, channels=5)
Built 3,951 windows from 1/1 sites (context=36, forecast=18, stride=24, channels=5)
Built 3,975 windows from 1/1 sites (context=36, forecast=18, stride=24, channels=5)
Built 3,938 windows from 1/1 sites (context=36, forecast=18, stride=24, channels=5)
Built 3,976 windows from 1/1 sites (context=36, forecast=18, stride=24, channels=5)
Built 3,988 windows from 1/1 sites (context=36, forecast=18, stride=24, channels=5)
Built 3,868 windows from 1/1 sites (context=36, forecast=18, stride=24, channels=5)
Built 3,966 windows from 1/1 sites (context=36, forecast=18, stride=24, channels=5)
Built 3,415 windows from 1/1 sites (context=36, forecast=18, stride=24, channels=5)
Built 3,832 windows from 1/1 sites (context=36, forecast=18, stride=24, channels=5)
Built 2,880 windows from 1/1 sites (context=36, forecast=18, stride=24, channels=5)
Built 3,906 windows from 1/1 sites (context=36, forecast=18, stride=24, channels=5)
Built 2,976 windows from 1/1 sites (context=36, forecast=18, stride=24, channels=5)
Built 3,962 windows from 1/1 sites (context=36, forecast=18, stride=24, channels=5)
Built 3,980 windows from 1/1 sites (context=36, forecast=18, stride=24, channels=5)
Built 3,940 windows from 1/1 sites (context=36, forecast=18, stride=24, channels=5)
Built 3,346 windows from 1/1 sites (context=36, forecast=18, stride=24, channels=5)
Built 2,271 windows from 1/1 sites (context=36, forecast=18, stride=24, channels=5)
Built 3,991 windows from 1/1 sites (context=36, forecast=18, stride=24, channels=5)
Built 2,158 windows from 1/1 sites (context=36, forecast=18, stride=24, channels=5)
Built 3,993 windows from 1/1 sites (context=36, forecast=18, stride=24, channels=5)
Built 3,615 windows from 1/1 sites (context=36, forecast=18, stride=24, channels=5)
  processed 150/279 sites
Built 3,995 windows from 1/1 sites (context=36, forecast=18, stride=24, channels=5)
Built 3,907 windows from 1/1 sites (context=36, forecast=18, stride=24, channels=5)
Built 3,854 windows from 1/1 sites (context=36, forecast=18, stride=24, channels=5)
Built 3,849 windows from 1/1 sites (context=36, forecast=18, stride=24, channels=5)
Built 3,324 windows from 1/1 sites (context=36, forecast=18, stride=24, channels=5)
Built 3,953 windows from 1/1 sites (context=36, forecast=18, stride=24, channels=5)
Built 39 windows from 1/1 sites (context=36, forecast=18, stride=24, channels=5)
Built 3,900 windows from 1/1 sites (context=36, forecast=18, stride=24, channels=5)
Built 3,355 windows from 1/1 sites (context=36, forecast=18, stride=24, channels=5)
Built 3,993 windows from 1/1 sites (context=36, forecast=18, stride=24, channels=5)
Built 3,968 windows from 1/1 sites (context=36, forecast=18, stride=24, channels=5)
Built 3,952 windows from 1/1 sites (context=36, forecast=18, stride=24, channels=5)
Built 4,001 windows from 1/1 sites (context=36, forecast=18, stride=24, channels=5)
Built 3,984 windows from 1/1 sites (context=36, forecast=18, stride=24, channels=5)
Built 3,860 windows from 1/1 sites (context=36, forecast=18, stride=24, channels=5)
Built 3,984 windows from 1/1 sites (context=36, forecast=18, stride=24, channels=5)
Built 3,986 windows from 1/1 sites (context=36, forecast=18, stride=24, channels=5)
Built 3,999 windows from 1/1 sites (context=36, forecast=18, stride=24, channels=5)
Built 3,995 windows from 1/1 sites (context=36, forecast=18, stride=24, channels=5)
Built 4,005 windows from 1/1 sites (context=36, forecast=18, stride=24, channels=5)
Built 3,966 windows from 1/1 sites (context=36, forecast=18, stride=24, channels=5)
Built 3,994 windows from 1/1 sites (context=36, forecast=18, stride=24, channels=5)
Built 2,615 windows from 1/1 sites (context=36, forecast=18, stride=24, channels=5)
Built 3,986 windows from 1/1 sites (context=36, forecast=18, stride=24, channels=5)
Built 3,959 windows from 1/1 sites (context=36, forecast=18, stride=24, channels=5)
  processed 175/279 sites
Built 2,252 windows from 1/1 sites (context=36, forecast=18, stride=24, channels=5)
Built 3,602 windows from 1/1 sites (context=36, forecast=18, stride=24, channels=5)
Built 3,927 windows from 1/1 sites (context=36, forecast=18, stride=24, channels=5)
Built 566 windows from 1/1 sites (context=36, forecast=18, stride=24, channels=5)
Built 3,986 windows from 1/1 sites (context=36, forecast=18, stride=24, channels=5)
Built 3,994 windows from 1/1 sites (context=36, forecast=18, stride=24, channels=5)
Built 51 windows from 1/1 sites (context=36, forecast=18, stride=24, channels=5)
Built 3,985 windows from 1/1 sites (context=36, forecast=18, stride=24, channels=5)
Built 3,971 windows from 1/1 sites (context=36, forecast=18, stride=24, channels=5)
Built 3,985 windows from 1/1 sites (context=36, forecast=18, stride=24, channels=5)
Built 3,901 windows from 1/1 sites (context=36, forecast=18, stride=24, channels=5)
Built 3,949 windows from 1/1 sites (context=36, forecast=18, stride=24, channels=5)
Built 3,648 windows from 1/1 sites (context=36, forecast=18, stride=24, channels=5)
Built 3,845 windows from 1/1 sites (context=36, forecast=18, stride=24, channels=5)
Built 2,456 windows from 1/1 sites (context=36, forecast=18, stride=24, channels=5)
Built 3,973 windows from 1/1 sites (context=36, forecast=18, stride=24, channels=5)
Built 3,978 windows from 1/1 sites (context=36, forecast=18, stride=24, channels=5)
Built 3,988 windows from 1/1 sites (context=36, forecast=18, stride=24, channels=5)
Built 3,847 windows from 1/1 sites (context=36, forecast=18, stride=24, channels=5)
Built 3,857 windows from 1/1 sites (context=36, forecast=18, stride=24, channels=5)
Built 3,785 windows from 1/1 sites (context=36, forecast=18, stride=24, channels=5)
Built 2,867 windows from 1/1 sites (context=36, forecast=18, stride=24, channels=5)
Built 2,139 windows from 1/1 sites (context=36, forecast=18, stride=24, channels=5)
Built 3,964 windows from 1/1 sites (context=36, forecast=18, stride=24, channels=5)
Built 3,908 windows from 1/1 sites (context=36, forecast=18, stride=24, channels=5)
  processed 200/279 sites
Built 3,706 windows from 1/1 sites (context=36, forecast=18, stride=24, channels=5)
Built 3,911 windows from 1/1 sites (context=36, forecast=18, stride=24, channels=5)
Built 3,816 windows from 1/1 sites (context=36, forecast=18, stride=24, channels=5)
Built 3,485 windows from 1/1 sites (context=36, forecast=18, stride=24, channels=5)
Built 3,152 windows from 1/1 sites (context=36, forecast=18, stride=24, channels=5)
Built 3,927 windows from 1/1 sites (context=36, forecast=18, stride=24, channels=5)
Built 3,972 windows from 1/1 sites (context=36, forecast=18, stride=24, channels=5)
Built 3,806 windows from 1/1 sites (context=36, forecast=18, stride=24, channels=5)
Built 3,970 windows from 1/1 sites (context=36, forecast=18, stride=24, channels=5)
Built 3,388 windows from 1/1 sites (context=36, forecast=18, stride=24, channels=5)
Built 3,958 windows from 1/1 sites (context=36, forecast=18, stride=24, channels=5)
Built 3,958 windows from 1/1 sites (context=36, forecast=18, stride=24, channels=5)
Built 1,910 windows from 1/1 sites (context=36, forecast=18, stride=24, channels=5)
Built 3,914 windows from 1/1 sites (context=36, forecast=18, stride=24, channels=5)
Built 3,280 windows from 1/1 sites (context=36, forecast=18, stride=24, channels=5)
Built 3,903 windows from 1/1 sites (context=36, forecast=18, stride=24, channels=5)
Built 3,520 windows from 1/1 sites (context=36, forecast=18, stride=24, channels=5)
Built 3,962 windows from 1/1 sites (context=36, forecast=18, stride=24, channels=5)
Built 3,934 windows from 1/1 sites (context=36, forecast=18, stride=24, channels=5)
Built 3,993 windows from 1/1 sites (context=36, forecast=18, stride=24, channels=5)
Built 3,726 windows from 1/1 sites (context=36, forecast=18, stride=24, channels=5)
Built 3,865 windows from 1/1 sites (context=36, forecast=18, stride=24, channels=5)
Built 3,911 windows from 1/1 sites (context=36, forecast=18, stride=24, channels=5)
Built 2,485 windows from 1/1 sites (context=36, forecast=18, stride=24, channels=5)
Built 580 windows from 1/1 sites (context=36, forecast=18, stride=24, channels=5)
  processed 225/279 sites
Built 2,534 windows from 1/1 sites (context=36, forecast=18, stride=24, channels=5)
Built 3,974 windows from 1/1 sites (context=36, forecast=18, stride=24, channels=5)
Built 3,618 windows from 1/1 sites (context=36, forecast=18, stride=24, channels=5)
Built 3,855 windows from 1/1 sites (context=36, forecast=18, stride=24, channels=5)
Built 602 windows from 1/1 sites (context=36, forecast=18, stride=24, channels=5)
  [!] 1 sites had no capacity in metadata.csv -- used fallback median (2.85 kWp)
Built 3,993 windows from 1/1 sites (context=36, forecast=18, stride=24, channels=5)
Built 3,927 windows from 1/1 sites (context=36, forecast=18, stride=24, channels=5)
Built 3,987 windows from 1/1 sites (context=36, forecast=18, stride=24, channels=5)
Built 3,973 windows from 1/1 sites (context=36, forecast=18, stride=24, channels=5)
Built 3,896 windows from 1/1 sites (context=36, forecast=18, stride=24, channels=5)
Built 3,967 windows from 1/1 sites (context=36, forecast=18, stride=24, channels=5)
Built 3,262 windows from 1/1 sites (context=36, forecast=18, stride=24, channels=5)
Built 3,938 windows from 1/1 sites (context=36, forecast=18, stride=24, channels=5)
Built 3,782 windows from 1/1 sites (context=36, forecast=18, stride=24, channels=5)
Built 3,855 windows from 1/1 sites (context=36, forecast=18, stride=24, channels=5)
Built 3,965 windows from 1/1 sites (context=36, forecast=18, stride=24, channels=5)
Built 3,996 windows from 1/1 sites (context=36, forecast=18, stride=24, channels=5)
Built 3,461 windows from 1/1 sites (context=36, forecast=18, stride=24, channels=5)
Built 3,858 windows from 1/1 sites (context=36, forecast=18, stride=24, channels=5)
Built 3,972 windows from 1/1 sites (context=36, forecast=18, stride=24, channels=5)
Built 3,877 windows from 1/1 sites (context=36, forecast=18, stride=24, channels=5)
Built 2,989 windows from 1/1 sites (context=36, forecast=18, stride=24, channels=5)
Built 3,953 windows from 1/1 sites (context=36, forecast=18, stride=24, channels=5)
Built 3,868 windows from 1/1 sites (context=36, forecast=18, stride=24, channels=5)
Built 3,130 windows from 1/1 sites (context=36, forecast=18, stride=24, channels=5)
  processed 250/279 sites
Built 3,736 windows from 1/1 sites (context=36, forecast=18, stride=24, channels=5)
Built 3,947 windows from 1/1 sites (context=36, forecast=18, stride=24, channels=5)
Built 3,886 windows from 1/1 sites (context=36, forecast=18, stride=24, channels=5)
Built 2,268 windows from 1/1 sites (context=36, forecast=18, stride=24, channels=5)
Built 2,158 windows from 1/1 sites (context=36, forecast=18, stride=24, channels=5)
Built 3,503 windows from 1/1 sites (context=36, forecast=18, stride=24, channels=5)
Built 4,003 windows from 1/1 sites (context=36, forecast=18, stride=24, channels=5)
Built 3,878 windows from 1/1 sites (context=36, forecast=18, stride=24, channels=5)
Built 3,489 windows from 1/1 sites (context=36, forecast=18, stride=24, channels=5)
Built 3,445 windows from 1/1 sites (context=36, forecast=18, stride=24, channels=5)
Built 3,933 windows from 1/1 sites (context=36, forecast=18, stride=24, channels=5)
Built 3,259 windows from 1/1 sites (context=36, forecast=18, stride=24, channels=5)
Built 3,962 windows from 1/1 sites (context=36, forecast=18, stride=24, channels=5)
Built 3,876 windows from 1/1 sites (context=36, forecast=18, stride=24, channels=5)
Built 1,987 windows from 1/1 sites (context=36, forecast=18, stride=24, channels=5)
Built 2,911 windows from 1/1 sites (context=36, forecast=18, stride=24, channels=5)
Built 3,184 windows from 1/1 sites (context=36, forecast=18, stride=24, channels=5)
Built 3,576 windows from 1/1 sites (context=36, forecast=18, stride=24, channels=5)
Built 3,118 windows from 1/1 sites (context=36, forecast=18, stride=24, channels=5)
Built 1,675 windows from 1/1 sites (context=36, forecast=18, stride=24, channels=5)
Built 2,932 windows from 1/1 sites (context=36, forecast=18, stride=24, channels=5)
Built 3,234 windows from 1/1 sites (context=36, forecast=18, stride=24, channels=5)
Built 2,315 windows from 1/1 sites (context=36, forecast=18, stride=24, channels=5)
Built 2,201 windows from 1/1 sites (context=36, forecast=18, stride=24, channels=5)
Built 2,299 windows from 1/1 sites (context=36, forecast=18, stride=24, channels=5)
  processed 275/279 sites
Built 1,855 windows from 1/1 sites (context=36, forecast=18, stride=24, channels=5)
Built 1,761 windows from 1/1 sites (context=36, forecast=18, stride=24, channels=5)
Built 1 windows from 1/1 sites (context=36, forecast=18, stride=24, channels=5)
Built 201 windows from 1/1 sites (context=36, forecast=18, stride=24, channels=5)

==============================================================================
Per-site MAPE distribution across test sites (daylight-only, y_true > 1 Wh)
==============================================================================
Step 1 (5 min): n=276  min= 23.23%  p25= 27.01%  median= 28.45%  p75= 30.20%  max=107.36%
Step 12 (60 min): n=276  min= 55.38%  p25= 64.48%  median= 68.69%  p75= 74.40%  max=296.64%

Top 5 best sites (lowest step-1 MAPE):
   ss_id    n_win     kWp   MAPE step1   MAPE step12
    3496     3969    3.99       23.23%        60.70%
   10511     3969    2.50       23.69%        56.10%
   27325     3993    4.00       23.90%        59.54%
    6966     3916    1.92       23.94%        65.58%
   27651     3876    2.50       24.23%        55.38%

Reference -- Zhou et al. 2019 (single-site ALSTM):
  step 1  (7.5 min):  24.65%
  step 12 (60 min):   37.82%
(Their horizon steps aren't identical to ours; the closest match is
step 1 for 7.5 min and step 12 for 60 min. Between those, our steps
line up as: 15 min = step 3, 30 min = step 6.)

INTERPRETATION:
- If our BEST single site is close to Zhou's number, the multi-site
  task is the dominant reason for the gap, and the model generalizes.
- If even our BEST single site is far above Zhou's number, the model
  underperforms a site-specific LSTM+attention on this specific kind
  of easy task (single homogeneous site).
