Loading capacities and test split ...
Loaded capacity (kWp) for 30756 sites
Loading 11 files from ./processed/test ...
  loaded 10/11 files
  loaded 11/11 files
Loaded 279 sites, 23,947,135 total rows
Built 969,445 windows from 279/279 sites (context=36, forecast=18, stride=24, channels=5)
  [!] 1 sites had no capacity in metadata.csv -- used fallback median (2.85 kWp)

=== Persistence (last observed) -- per-horizon MAPE (daylight-only, y_true > 1.0 Wh) ===
step  mins           n    MAPE %    MAE Wh   RMSE Wh
   1     5     476,246     24.75    10.682    22.827
   2    10     476,327     38.53    14.785    29.169
   3    15     476,834     47.70    17.056    32.005
   4    20     476,917     55.78    18.723    33.931
   5    25     476,922     62.29    20.092    35.363
   6    30     476,894     69.12    21.300    36.617
   7    35     476,439     75.39    22.477    37.910
   8    40     476,146     81.64    23.505    38.967
   9    45     475,734     87.79    24.494    39.946
  10    50     475,205     94.15    25.508    41.074
  11    55     474,961     99.97    26.458    42.063
  12    60     474,719    105.98    27.380    43.065
  13    65     474,148    111.09    28.292    44.061
  14    70     473,855    115.51    29.128    44.994
  15    75     473,643    120.18    30.012    46.017
  16    80     473,592    124.63    30.853    46.989
  17    85     473,960    129.46    31.731    48.059
  18    90     474,483    134.64    32.490    48.939

=== Persistence (last observed) -- per-horizon MAPE (daylight-only, y_true > 5.0 Wh) ===
step  mins           n    MAPE %    MAE Wh   RMSE Wh
   1     5     423,290     22.69    11.886    24.183
   2    10     423,167     34.20    16.401    30.891
   3    15     423,351     41.64    18.893    33.898
   4    20     423,341     47.23    20.688    35.918
   5    25     423,501     52.06    22.157    37.416
   6    30     423,383     56.42    23.442    38.720
   7    35     423,162     60.52    24.686    40.061
   8    40     422,782     64.41    25.766    41.152
   9    45     422,351     67.73    26.791    42.147
  10    50     422,034     71.21    27.842    43.297
  11    55     421,977     74.54    28.827    44.302
  12    60     421,972     77.57    29.773    45.303
  13    65     421,655     80.68    30.726    46.315
  14    70     421,712     83.53    31.582    47.246
  15    75     421,650     86.57    32.509    48.289
  16    80     421,787     89.69    33.390    49.282
  17    85     421,646     92.74    34.349    50.411
  18    90     421,756     95.67    35.161    51.326
Loading 60 files from ./processed/train ...
  loaded 10/60 files
  loaded 20/60 files
  loaded 30/60 files
  loaded 40/60 files
  loaded 50/60 files
  loaded 60/60 files
Loaded 701 sites, 177,898,436 total rows
Limited climatology to 50 sites
Building climatology from training split ...
Built 548,017 windows from 50/50 sites (context=36, forecast=18, stride=24, channels=5)
  training windows: 548,017
  climatology cells populated: 288/288

=== Climatology (month x hour-of-day) -- per-horizon MAPE (daylight-only, y_true > 1.0 Wh) ===
step  mins           n    MAPE %    MAE Wh   RMSE Wh
   1     5     476,246    164.34    35.081    54.813
   2    10     476,327    165.17    35.062    54.780
   3    15     476,834    164.73    34.969    54.690
   4    20     476,917    164.74    34.976    54.661
   5    25     476,922    165.06    35.058    54.824
   6    30     476,894    162.63    34.946    54.720
   7    35     476,439    164.77    35.015    54.746
   8    40     476,146    164.54    35.016    54.725
   9    45     475,734    165.58    35.052    54.770
  10    50     475,205    166.47    35.198    54.945
  11    55     474,961    167.57    35.300    54.999
  12    60     474,719    161.95    35.035    54.843
  13    65     474,148    166.32    35.293    54.941
  14    70     473,855    165.74    35.264    54.978
  15    75     473,643    165.58    35.239    54.989
  16    80     473,592    166.29    35.262    55.040
  17    85     473,960    166.82    35.309    55.084
  18    90     474,483    164.36    35.199    55.024

=== Climatology (month x hour-of-day) -- per-horizon MAPE (daylight-only, y_true > 5.0 Wh) ===
step  mins           n    MAPE %    MAE Wh   RMSE Wh
   1     5     423,290    119.80    37.781    57.534
   2    10     423,167    119.82    37.756    57.505
   3    15     423,351    119.88    37.686    57.438
   4    20     423,341    119.71    37.693    57.431
   5    25     423,501    120.27    37.781    57.594
   6    30     423,383    119.08    37.713    57.528
   7    35     423,162    120.19    37.733    57.506
   8    40     422,782    120.38    37.752    57.507
   9    45     422,351    120.52    37.780    57.541
  10    50     422,034    120.86    37.917    57.712
  11    55     421,977    121.71    38.004    57.762
  12    60     421,972    118.64    37.762    57.596
  13    65     421,655    121.74    37.979    57.658
  14    70     421,712    121.12    37.929    57.672
  15    75     421,650    121.00    37.897    57.672
  16    80     421,787    121.22    37.902    57.709
  17    85     421,646    121.37    37.973    57.769
  18    90     421,756    120.89    37.933    57.746
